<!DOCTYPE html>
<html lang="en">
<head>
	<meta charset="UTF-8">
	<meta name="viewport" content="initial-scale=1.0, width=device-width">
	<title>Title</title>
	<link rel="shortcut icon" type="image/x-icon" href="assets/fav/favicon.ico">
	<link rel="stylesheet" href="css/style.css">
	<script src="https://cdn.jsdelivr.net/npm/vue/dist/vue.js"></script>
</head>
<body>
    
    <div class="first-screen">
        <header class="header">
            <a href="#" class="header__logo">golden</a>
            <nav class="header__nav">
                <ul class="header__list">
                    <li class="header__item">
                        <a href="#" class="header__link">home</a>    
                    </li>
                    <li class="header__item">
                        <a href="#" class="header__link">services</a>
                    </li>
                    <li class="header__item">
                        <a href="#" class="header__link">portfolio</a>
                    </li>
                    <li class="header__item">
                        <a href="#" class="header__link">about</a>
                    </li>
                    <li class="header__item">
                        <a href="#" class="header__link">contact</a>
                    </li>
                </ul>
            </nav>
        </header>
        
        <div class="first-screen__welcome">
            <p class="first-screen__text">welcome to our studio!</p>
            <h1 class="first-screen__title">itâ€™s nice to meet you</h1>
            <a href="#" class="first-screen__btn">tell me more</a>
        </div>
        
    </div>
    
    <section class="services">
        <h2 class="services__title">services</h2>
        <p class="services__subtitle">Proin iaculis purus consequat sem cure.</p>
    </section>

	<script src="js/bundle.js"></script>
</body>
</html>
